// Jest Snapshot v1, https://goo.gl/fbAQLP

exports[`should render AddIncomePage 1`] = `
<div>
  <h2>
    Enter your income
  </h2>
  <Connect(IncomeForm) />
</div>
`;
